2026/08/19 07:04:06 bedo @(unknown) (218315) [visibility]> read 0 heads: 
2026/08/19 07:04:06 bedo @(unknown) (218315) [command_finish]> init exited 0 after 0.09 seconds
2026/08/19 07:04:09 bedo @(unknown) (218342) [command]> commit
2026/08/19 07:04:09 bedo @0000000000000000000000000000000000000000 (218342) [command_finish]> commit exited 1 after 0.08 seconds
2026/08/19 07:04:36 bedo @(unknown) (218541) [command]> add lua
2026/08/19 07:04:36 bedo @0000000000000000000000000000000000000000 (218541) [command_finish]> add lua exited 0 after 0.04 seconds
2026/08/19 07:04:40 bedo @(unknown) (218595) [command]> commit
2026/08/19 07:04:40 bedo @0000000000000000000000000000000000000000 (218595) [visibility]> read 0 heads: 
2026/08/19 07:05:14 bedo @0000000000000000000000000000000000000000 (218595) [visibility]> removed 0 heads []; added 1 heads [159d32764f80]
2026/08/19 07:05:14 bedo @159d32764f800e3806d4adff55c977f5c35817f6 (218595) [visibility]> wrote 1 heads: 159d32764f80
2026/08/19 07:05:14 bedo @159d32764f800e3806d4adff55c977f5c35817f6 (218595) [command_finish]> commit exited 0 after 33.88 seconds
2026/08/19 07:05:20 bedo @(unknown) (218716) [command]> pr submit
2026/08/19 07:05:20 bedo @(unknown) (218716) [command_finish]> pr submit exited 255 after 0.06 seconds
2026/08/19 07:05:29 bedo @(unknown) (218741) [command]> pr submit
2026/08/19 07:05:29 bedo @(unknown) (218741) [command_finish]> pr submit exited 255 after 0.05 seconds
2026/08/19 07:05:30 bedo @(unknown) (218759) [command]> sl
2026/08/19 07:05:30 bedo @159d32764f800e3806d4adff55c977f5c35817f6 (218759) [visibility]> read 1 heads: 159d32764f80
2026/08/19 07:05:30 bedo @159d32764f800e3806d4adff55c977f5c35817f6 (218759) [command_finish]> sl exited 0 after 0.07 seconds
2026/08/19 07:05:41 bedo @(unknown) (218800) [command]> web
2026/08/19 07:05:41 bedo @(unknown) (218800) [command_finish]> web exited 0 after 0.14 seconds
2026/08/19 07:05:42 bedo @(unknown) (219042) [command]> debugcommitmessage isl --noninteractive
2026/08/19 07:05:42 bedo @159d32764f800e3806d4adff55c977f5c35817f6 (219042) [visibility]> read 1 heads: 159d32764f80
2026/08/19 07:05:42 bedo @159d32764f800e3806d4adff55c977f5c35817f6 (219042) [command_finish]> debugcommitmessage isl --noninteractive exited 0 after 0.06 seconds
